<?xml version="1.0" encoding="ISO-8859-1" ?>
<link_info>
   <banner>TMS320C2000 Linker PC v20.2.5.LTS</banner>
   <copyright>Copyright (c) 1996-2018 Texas Instruments Incorporated</copyright>
   <link_time>0x657d1fbd</link_time>
   <link_errors>0x0</link_errors>
   <output_file>MyFirstProject.out</output_file>
   <entry_point>
      <name>_c_int00</name>
      <address>0x86c8</address>
   </entry_point>
   <input_file_list>
      <input_file id="fl-2">
         <path>.\</path>
         <kind>object</kind>
         <file>main.obj</file>
         <name>main.obj</name>
      </input_file>
      <input_file id="fl-3">
         <path>.\Hardware\src\</path>
         <kind>object</kind>
         <file>AT24C01.obj</file>
         <name>AT24C01.obj</name>
      </input_file>
      <input_file id="fl-4">
         <path>.\Hardware\src\</path>
         <kind>object</kind>
         <file>WatchDog.obj</file>
         <name>WatchDog.obj</name>
      </input_file>
      <input_file id="fl-5">
         <path>.\Hardware\src\</path>
         <kind>object</kind>
         <file>button.obj</file>
         <name>button.obj</name>
      </input_file>
      <input_file id="fl-6">
         <path>.\Hardware\src\</path>
         <kind>object</kind>
         <file>epwm_led.obj</file>
         <name>epwm_led.obj</name>
      </input_file>
      <input_file id="fl-7">
         <path>.\Hardware\src\</path>
         <kind>object</kind>
         <file>iic.obj</file>
         <name>iic.obj</name>
      </input_file>
      <input_file id="fl-8">
         <path>.\Hardware\src\</path>
         <kind>object</kind>
         <file>led.obj</file>
         <name>led.obj</name>
      </input_file>
      <input_file id="fl-9">
         <path>.\Hardware\src\</path>
         <kind>object</kind>
         <file>oled.obj</file>
         <name>oled.obj</name>
      </input_file>
      <input_file id="fl-a">
         <path>.\Hardware\src\</path>
         <kind>object</kind>
         <file>sci.obj</file>
         <name>sci.obj</name>
      </input_file>
      <input_file id="fl-b">
         <path>.\Hardware\src\</path>
         <kind>object</kind>
         <file>timer.obj</file>
         <name>timer.obj</name>
      </input_file>
      <input_file id="fl-c">
         <path>.\Lib\src\</path>
         <kind>object</kind>
         <file>DSP2833x_ADC_cal.obj</file>
         <name>DSP2833x_ADC_cal.obj</name>
      </input_file>
      <input_file id="fl-d">
         <path>.\Lib\src\</path>
         <kind>object</kind>
         <file>DSP2833x_CodeStartBranch.obj</file>
         <name>DSP2833x_CodeStartBranch.obj</name>
      </input_file>
      <input_file id="fl-e">
         <path>.\Lib\src\</path>
         <kind>object</kind>
         <file>DSP2833x_CpuTimers.obj</file>
         <name>DSP2833x_CpuTimers.obj</name>
      </input_file>
      <input_file id="fl-f">
         <path>.\Lib\src\</path>
         <kind>object</kind>
         <file>DSP2833x_DefaultIsr.obj</file>
         <name>DSP2833x_DefaultIsr.obj</name>
      </input_file>
      <input_file id="fl-10">
         <path>.\Lib\src\</path>
         <kind>object</kind>
         <file>DSP2833x_GlobalVariableDefs.obj</file>
         <name>DSP2833x_GlobalVariableDefs.obj</name>
      </input_file>
      <input_file id="fl-11">
         <path>.\Lib\src\</path>
         <kind>object</kind>
         <file>DSP2833x_PieCtrl.obj</file>
         <name>DSP2833x_PieCtrl.obj</name>
      </input_file>
      <input_file id="fl-12">
         <path>.\Lib\src\</path>
         <kind>object</kind>
         <file>DSP2833x_PieVect.obj</file>
         <name>DSP2833x_PieVect.obj</name>
      </input_file>
      <input_file id="fl-13">
         <path>.\Lib\src\</path>
         <kind>object</kind>
         <file>DSP2833x_SysCtrl.obj</file>
         <name>DSP2833x_SysCtrl.obj</name>
      </input_file>
      <input_file id="fl-14">
         <path>.\Lib\src\</path>
         <kind>object</kind>
         <file>DSP2833x_Xintf.obj</file>
         <name>DSP2833x_Xintf.obj</name>
      </input_file>
      <input_file id="fl-15">
         <path>.\Lib\src\</path>
         <kind>object</kind>
         <file>DSP2833x_usDelay.obj</file>
         <name>DSP2833x_usDelay.obj</name>
      </input_file>
      <input_file id="fl-1a">
         <kind>object</kind>
         <file>&lt;internal&gt;</file>
         <name>&lt;internal&gt;</name>
      </input_file>
      <input_file id="fl-26">
         <path>E:\ccstdio10\ccs\tools\compiler\ti-cgt-c2000_20.2.5.LTS\lib\</path>
         <kind>archive</kind>
         <file>rts2800_fpu32.lib</file>
         <name>boot28.asm.obj</name>
      </input_file>
      <input_file id="fl-27">
         <path>E:\ccstdio10\ccs\tools\compiler\ti-cgt-c2000_20.2.5.LTS\lib\</path>
         <kind>archive</kind>
         <file>rts2800_fpu32.lib</file>
         <name>cpy_tbl.c.obj</name>
      </input_file>
      <input_file id="fl-28">
         <path>E:\ccstdio10\ccs\tools\compiler\ti-cgt-c2000_20.2.5.LTS\lib\</path>
         <kind>archive</kind>
         <file>rts2800_fpu32.lib</file>
         <name>memcpy.c.obj</name>
      </input_file>
      <input_file id="fl-29">
         <path>E:\ccstdio10\ccs\tools\compiler\ti-cgt-c2000_20.2.5.LTS\lib\</path>
         <kind>archive</kind>
         <file>rts2800_fpu32.lib</file>
         <name>pre_init.c.obj</name>
      </input_file>
      <input_file id="fl-2a">
         <path>E:\ccstdio10\ccs\tools\compiler\ti-cgt-c2000_20.2.5.LTS\lib\</path>
         <kind>archive</kind>
         <file>rts2800_fpu32.lib</file>
         <name>startup.c.obj</name>
      </input_file>
      <input_file id="fl-2b">
         <path>E:\ccstdio10\ccs\tools\compiler\ti-cgt-c2000_20.2.5.LTS\lib\</path>
         <kind>archive</kind>
         <file>rts2800_fpu32.lib</file>
         <name>exit.c.obj</name>
      </input_file>
      <input_file id="fl-2c">
         <path>E:\ccstdio10\ccs\tools\compiler\ti-cgt-c2000_20.2.5.LTS\lib\</path>
         <kind>archive</kind>
         <file>rts2800_fpu32.lib</file>
         <name>_lock.c.obj</name>
      </input_file>
      <input_file id="fl-2d">
         <path>E:\ccstdio10\ccs\tools\compiler\ti-cgt-c2000_20.2.5.LTS\lib\</path>
         <kind>archive</kind>
         <file>rts2800_fpu32.lib</file>
         <name>args_main.c.obj</name>
      </input_file>
   </input_file_list>
   <object_component_list>
      <object_component id="oc-84">
         <name>codestart</name>
         <load_address>0x0</load_address>
         <run_address>0x0</run_address>
         <size>0x2</size>
         <input_file_ref idref="fl-d"/>
      </object_component>
      <object_component id="oc-dc">
         <name>ramfuncs</name>
         <load_address>0x8856</load_address>
         <run_address>0x8856</run_address>
         <size>0x4</size>
         <input_file_ref idref="fl-15"/>
      </object_component>
      <object_component id="oc-90">
         <name>.text:retain</name>
         <load_address>0x8000</load_address>
         <run_address>0x8000</run_address>
         <size>0x323</size>
         <input_file_ref idref="fl-f"/>
      </object_component>
      <object_component id="oc-119">
         <name>.text</name>
         <load_address>0x8323</load_address>
         <run_address>0x8323</run_address>
         <size>0x23a</size>
         <input_file_ref idref="fl-9"/>
      </object_component>
      <object_component id="oc-116">
         <name>.text</name>
         <load_address>0x855d</load_address>
         <run_address>0x855d</run_address>
         <size>0xf8</size>
         <input_file_ref idref="fl-13"/>
      </object_component>
      <object_component id="oc-4b">
         <name>.text:retain</name>
         <load_address>0x8655</load_address>
         <run_address>0x8655</run_address>
         <size>0x73</size>
         <input_file_ref idref="fl-2"/>
      </object_component>
      <object_component id="oc-47">
         <name>.text</name>
         <load_address>0x86c8</load_address>
         <run_address>0x86c8</run_address>
         <size>0x56</size>
         <input_file_ref idref="fl-26"/>
      </object_component>
      <object_component id="oc-113">
         <name>.text</name>
         <load_address>0x871e</load_address>
         <run_address>0x871e</run_address>
         <size>0x32</size>
         <input_file_ref idref="fl-2"/>
      </object_component>
      <object_component id="oc-110">
         <name>.text</name>
         <load_address>0x8750</load_address>
         <run_address>0x8750</run_address>
         <size>0x29</size>
         <input_file_ref idref="fl-2b"/>
      </object_component>
      <object_component id="oc-117">
         <name>.text</name>
         <load_address>0x8779</load_address>
         <run_address>0x8779</run_address>
         <size>0x28</size>
         <input_file_ref idref="fl-11"/>
      </object_component>
      <object_component id="oc-10d">
         <name>.text</name>
         <load_address>0x87a1</load_address>
         <run_address>0x87a1</run_address>
         <size>0x24</size>
         <input_file_ref idref="fl-27"/>
      </object_component>
      <object_component id="oc-118">
         <name>.text</name>
         <load_address>0x87c5</load_address>
         <run_address>0x87c5</run_address>
         <size>0x20</size>
         <input_file_ref idref="fl-12"/>
      </object_component>
      <object_component id="oc-112">
         <name>.text</name>
         <load_address>0x87e5</load_address>
         <run_address>0x87e5</run_address>
         <size>0x1d</size>
         <input_file_ref idref="fl-28"/>
      </object_component>
      <object_component id="oc-10f">
         <name>.text</name>
         <load_address>0x8802</load_address>
         <run_address>0x8802</run_address>
         <size>0x12</size>
         <input_file_ref idref="fl-2d"/>
      </object_component>
      <object_component id="oc-11b">
         <name>.text</name>
         <load_address>0x8814</load_address>
         <run_address>0x8814</run_address>
         <size>0x9</size>
         <input_file_ref idref="fl-2c"/>
      </object_component>
      <object_component id="oc-83">
         <name>.text</name>
         <load_address>0x881d</load_address>
         <run_address>0x881d</run_address>
         <size>0x8</size>
         <input_file_ref idref="fl-d"/>
      </object_component>
      <object_component id="oc-10c">
         <name>.text</name>
         <load_address>0x8825</load_address>
         <run_address>0x8825</run_address>
         <size>0x2</size>
         <input_file_ref idref="fl-29"/>
      </object_component>
      <object_component id="oc-10e">
         <name>.text</name>
         <load_address>0x8827</load_address>
         <run_address>0x8827</run_address>
         <size>0x1</size>
         <input_file_ref idref="fl-2a"/>
      </object_component>
      <object_component id="oc-49">
         <name>.cinit</name>
         <load_address>0x8828</load_address>
         <run_address>0x8828</run_address>
         <size>0x14</size>
         <input_file_ref idref="fl-2"/>
      </object_component>
      <object_component id="oc-fc">
         <name>.cinit</name>
         <load_address>0x883c</load_address>
         <run_address>0x883c</run_address>
         <size>0xe</size>
         <input_file_ref idref="fl-2b"/>
      </object_component>
      <object_component id="oc-115">
         <name>.cinit:__lock</name>
         <load_address>0x884a</load_address>
         <run_address>0x884a</run_address>
         <size>0x5</size>
         <input_file_ref idref="fl-2c"/>
      </object_component>
      <object_component id="oc-11c">
         <name>.cinit:__unlock</name>
         <load_address>0x884f</load_address>
         <run_address>0x884f</run_address>
         <size>0x5</size>
         <input_file_ref idref="fl-2c"/>
      </object_component>
      <object_component id="oc-e1">
         <name>.stack</name>
         <uninitialized>true</uninitialized>
         <run_address>0x400</run_address>
         <size>0x0</size>
         <input_file_ref idref="fl-26"/>
      </object_component>
      <object_component id="oc-171">
         <name>.stack</name>
         <uninitialized>true</uninitialized>
         <run_address>0x400</run_address>
         <size>0x0</size>
      </object_component>
      <object_component id="oc-4a">
         <name>.ebss</name>
         <uninitialized>true</uninitialized>
         <run_address>0xca40</run_address>
         <size>0xa</size>
         <input_file_ref idref="fl-2"/>
      </object_component>
      <object_component id="oc-111">
         <name>.ebss:_ReceivedData</name>
         <uninitialized>true</uninitialized>
         <run_address>0xc940</run_address>
         <size>0x100</size>
         <input_file_ref idref="fl-2"/>
      </object_component>
      <object_component id="oc-6f">
         <name>.ebss</name>
         <uninitialized>true</uninitialized>
         <run_address>0xca4c</run_address>
         <size>0x1</size>
         <input_file_ref idref="fl-9"/>
      </object_component>
      <object_component id="oc-8a">
         <name>.ebss</name>
         <uninitialized>true</uninitialized>
         <run_address>0xc920</run_address>
         <size>0x18</size>
         <input_file_ref idref="fl-e"/>
      </object_component>
      <object_component id="oc-fd">
         <name>.ebss</name>
         <uninitialized>true</uninitialized>
         <run_address>0xc938</run_address>
         <size>0x6</size>
         <input_file_ref idref="fl-2b"/>
      </object_component>
      <object_component id="oc-114">
         <name>.ebss:__lock</name>
         <uninitialized>true</uninitialized>
         <run_address>0xc93e</run_address>
         <size>0x2</size>
         <input_file_ref idref="fl-2c"/>
      </object_component>
      <object_component id="oc-120">
         <name>.ebss:__unlock</name>
         <uninitialized>true</uninitialized>
         <run_address>0xca4a</run_address>
         <size>0x2</size>
         <input_file_ref idref="fl-2c"/>
      </object_component>
      <object_component id="oc-11f">
         <name>.econst:.string:_F8X16</name>
         <load_address>0xc000</load_address>
         <run_address>0xc000</run_address>
         <size>0x5f0</size>
         <input_file_ref idref="fl-9"/>
      </object_component>
      <object_component id="oc-11e">
         <name>.econst:_F6x8</name>
         <load_address>0xc5f0</load_address>
         <run_address>0xc5f0</run_address>
         <size>0x228</size>
         <input_file_ref idref="fl-9"/>
      </object_component>
      <object_component id="oc-11d">
         <name>.econst:_PieVectTableInit</name>
         <load_address>0xc818</load_address>
         <run_address>0xc818</run_address>
         <size>0x100</size>
         <input_file_ref idref="fl-12"/>
      </object_component>
      <object_component id="oc-11a">
         <name>.econst:.string:_$P$T0$1</name>
         <load_address>0xc918</load_address>
         <run_address>0xc918</run_address>
         <size>0x8</size>
         <input_file_ref idref="fl-2"/>
      </object_component>
      <object_component id="oc-e2">
         <name>.reset</name>
         <load_address>0x3fffc0</load_address>
         <run_address>0x3fffc0</run_address>
         <size>0x2</size>
         <input_file_ref idref="fl-26"/>
      </object_component>
      <object_component id="oc-7e">
         <name>.adc_cal</name>
         <load_address>0x380080</load_address>
         <run_address>0x380080</run_address>
         <size>0x7</size>
         <input_file_ref idref="fl-c"/>
      </object_component>
      <object_component id="oc-c6">
         <name>PieVectTableFile</name>
         <uninitialized>true</uninitialized>
         <run_address>0xd00</run_address>
         <size>0x100</size>
         <input_file_ref idref="fl-10"/>
      </object_component>
      <object_component id="oc-c2">
         <name>DevEmuRegsFile</name>
         <uninitialized>true</uninitialized>
         <run_address>0x880</run_address>
         <size>0xd0</size>
         <input_file_ref idref="fl-10"/>
      </object_component>
      <object_component id="oc-9a">
         <name>FlashRegsFile</name>
         <uninitialized>true</uninitialized>
         <run_address>0xa80</run_address>
         <size>0x8</size>
         <input_file_ref idref="fl-10"/>
      </object_component>
      <object_component id="oc-9d">
         <name>CsmRegsFile</name>
         <uninitialized>true</uninitialized>
         <run_address>0xae0</run_address>
         <size>0x10</size>
         <input_file_ref idref="fl-10"/>
      </object_component>
      <object_component id="oc-9c">
         <name>AdcMirrorFile</name>
         <uninitialized>true</uninitialized>
         <run_address>0xb00</run_address>
         <size>0x10</size>
         <input_file_ref idref="fl-10"/>
      </object_component>
      <object_component id="oc-a5">
         <name>XintfRegsFile</name>
         <uninitialized>true</uninitialized>
         <run_address>0xb20</run_address>
         <size>0x1e</size>
         <input_file_ref idref="fl-10"/>
      </object_component>
      <object_component id="oc-96">
         <name>CpuTimer0RegsFile</name>
         <uninitialized>true</uninitialized>
         <run_address>0xc00</run_address>
         <size>0x8</size>
         <input_file_ref idref="fl-10"/>
      </object_component>
      <object_component id="oc-97">
         <name>CpuTimer1RegsFile</name>
         <uninitialized>true</uninitialized>
         <run_address>0xc08</run_address>
         <size>0x8</size>
         <input_file_ref idref="fl-10"/>
      </object_component>
      <object_component id="oc-98">
         <name>CpuTimer2RegsFile</name>
         <uninitialized>true</uninitialized>
         <run_address>0xc10</run_address>
         <size>0x8</size>
         <input_file_ref idref="fl-10"/>
      </object_component>
      <object_component id="oc-a3">
         <name>PieCtrlRegsFile</name>
         <uninitialized>true</uninitialized>
         <run_address>0xce0</run_address>
         <size>0x1a</size>
         <input_file_ref idref="fl-10"/>
      </object_component>
      <object_component id="oc-c3">
         <name>DmaRegsFile</name>
         <uninitialized>true</uninitialized>
         <run_address>0x1000</run_address>
         <size>0xe0</size>
         <input_file_ref idref="fl-10"/>
      </object_component>
      <object_component id="oc-b5">
         <name>McbspaRegsFile</name>
         <uninitialized>true</uninitialized>
         <run_address>0x5000</run_address>
         <size>0x25</size>
         <input_file_ref idref="fl-10"/>
      </object_component>
      <object_component id="oc-b6">
         <name>McbspbRegsFile</name>
         <uninitialized>true</uninitialized>
         <run_address>0x5040</run_address>
         <size>0x25</size>
         <input_file_ref idref="fl-10"/>
      </object_component>
      <object_component id="oc-b8">
         <name>ECanaRegsFile</name>
         <uninitialized>true</uninitialized>
         <run_address>0x6000</run_address>
         <size>0x34</size>
         <input_file_ref idref="fl-10"/>
      </object_component>
      <object_component id="oc-ba">
         <name>ECanaLAMRegsFile</name>
         <uninitialized>true</uninitialized>
         <run_address>0x6040</run_address>
         <size>0x40</size>
         <input_file_ref idref="fl-10"/>
      </object_component>
      <object_component id="oc-c4">
         <name>ECanaMboxesFile</name>
         <uninitialized>true</uninitialized>
         <run_address>0x6100</run_address>
         <size>0x100</size>
         <input_file_ref idref="fl-10"/>
      </object_component>
      <object_component id="oc-bb">
         <name>ECanaMOTSRegsFile</name>
         <uninitialized>true</uninitialized>
         <run_address>0x6080</run_address>
         <size>0x40</size>
         <input_file_ref idref="fl-10"/>
      </object_component>
      <object_component id="oc-bc">
         <name>ECanaMOTORegsFile</name>
         <uninitialized>true</uninitialized>
         <run_address>0x60c0</run_address>
         <size>0x40</size>
         <input_file_ref idref="fl-10"/>
      </object_component>
      <object_component id="oc-b9">
         <name>ECanbRegsFile</name>
         <uninitialized>true</uninitialized>
         <run_address>0x6200</run_address>
         <size>0x34</size>
         <input_file_ref idref="fl-10"/>
      </object_component>
      <object_component id="oc-bd">
         <name>ECanbLAMRegsFile</name>
         <uninitialized>true</uninitialized>
         <run_address>0x6240</run_address>
         <size>0x40</size>
         <input_file_ref idref="fl-10"/>
      </object_component>
      <object_component id="oc-c5">
         <name>ECanbMboxesFile</name>
         <uninitialized>true</uninitialized>
         <run_address>0x6300</run_address>
         <size>0x100</size>
         <input_file_ref idref="fl-10"/>
      </object_component>
      <object_component id="oc-be">
         <name>ECanbMOTSRegsFile</name>
         <uninitialized>true</uninitialized>
         <run_address>0x6280</run_address>
         <size>0x40</size>
         <input_file_ref idref="fl-10"/>
      </object_component>
      <object_component id="oc-bf">
         <name>ECanbMOTORegsFile</name>
         <uninitialized>true</uninitialized>
         <run_address>0x62c0</run_address>
         <size>0x40</size>
         <input_file_ref idref="fl-10"/>
      </object_component>
      <object_component id="oc-ae">
         <name>EPwm1RegsFile</name>
         <uninitialized>true</uninitialized>
         <run_address>0x6800</run_address>
         <size>0x22</size>
         <input_file_ref idref="fl-10"/>
      </object_component>
      <object_component id="oc-af">
         <name>EPwm2RegsFile</name>
         <uninitialized>true</uninitialized>
         <run_address>0x6840</run_address>
         <size>0x22</size>
         <input_file_ref idref="fl-10"/>
      </object_component>
      <object_component id="oc-b0">
         <name>EPwm3RegsFile</name>
         <uninitialized>true</uninitialized>
         <run_address>0x6880</run_address>
         <size>0x22</size>
         <input_file_ref idref="fl-10"/>
      </object_component>
      <object_component id="oc-b1">
         <name>EPwm4RegsFile</name>
         <uninitialized>true</uninitialized>
         <run_address>0x68c0</run_address>
         <size>0x22</size>
         <input_file_ref idref="fl-10"/>
      </object_component>
      <object_component id="oc-b2">
         <name>EPwm5RegsFile</name>
         <uninitialized>true</uninitialized>
         <run_address>0x6900</run_address>
         <size>0x22</size>
         <input_file_ref idref="fl-10"/>
      </object_component>
      <object_component id="oc-b3">
         <name>EPwm6RegsFile</name>
         <uninitialized>true</uninitialized>
         <run_address>0x6940</run_address>
         <size>0x22</size>
         <input_file_ref idref="fl-10"/>
      </object_component>
      <object_component id="oc-a6">
         <name>ECap1RegsFile</name>
         <uninitialized>true</uninitialized>
         <run_address>0x6a00</run_address>
         <size>0x20</size>
         <input_file_ref idref="fl-10"/>
      </object_component>
      <object_component id="oc-a7">
         <name>ECap2RegsFile</name>
         <uninitialized>true</uninitialized>
         <run_address>0x6a20</run_address>
         <size>0x20</size>
         <input_file_ref idref="fl-10"/>
      </object_component>
      <object_component id="oc-a8">
         <name>ECap3RegsFile</name>
         <uninitialized>true</uninitialized>
         <run_address>0x6a40</run_address>
         <size>0x20</size>
         <input_file_ref idref="fl-10"/>
      </object_component>
      <object_component id="oc-a9">
         <name>ECap4RegsFile</name>
         <uninitialized>true</uninitialized>
         <run_address>0x6a60</run_address>
         <size>0x20</size>
         <input_file_ref idref="fl-10"/>
      </object_component>
      <object_component id="oc-aa">
         <name>ECap5RegsFile</name>
         <uninitialized>true</uninitialized>
         <run_address>0x6a80</run_address>
         <size>0x20</size>
         <input_file_ref idref="fl-10"/>
      </object_component>
      <object_component id="oc-ab">
         <name>ECap6RegsFile</name>
         <uninitialized>true</uninitialized>
         <run_address>0x6aa0</run_address>
         <size>0x20</size>
         <input_file_ref idref="fl-10"/>
      </object_component>
      <object_component id="oc-c0">
         <name>EQep1RegsFile</name>
         <uninitialized>true</uninitialized>
         <run_address>0x6b00</run_address>
         <size>0x40</size>
         <input_file_ref idref="fl-10"/>
      </object_component>
      <object_component id="oc-c1">
         <name>EQep2RegsFile</name>
         <uninitialized>true</uninitialized>
         <run_address>0x6b40</run_address>
         <size>0x40</size>
         <input_file_ref idref="fl-10"/>
      </object_component>
      <object_component id="oc-b7">
         <name>GpioCtrlRegsFile</name>
         <uninitialized>true</uninitialized>
         <run_address>0x6f80</run_address>
         <size>0x2e</size>
         <input_file_ref idref="fl-10"/>
      </object_component>
      <object_component id="oc-ac">
         <name>GpioDataRegsFile</name>
         <uninitialized>true</uninitialized>
         <run_address>0x6fc0</run_address>
         <size>0x20</size>
         <input_file_ref idref="fl-10"/>
      </object_component>
      <object_component id="oc-9b">
         <name>GpioIntRegsFile</name>
         <uninitialized>true</uninitialized>
         <run_address>0x6fe0</run_address>
         <size>0xa</size>
         <input_file_ref idref="fl-10"/>
      </object_component>
      <object_component id="oc-ad">
         <name>SysCtrlRegsFile</name>
         <uninitialized>true</uninitialized>
         <run_address>0x7010</run_address>
         <size>0x20</size>
         <input_file_ref idref="fl-10"/>
      </object_component>
      <object_component id="oc-a1">
         <name>SpiaRegsFile</name>
         <uninitialized>true</uninitialized>
         <run_address>0x7040</run_address>
         <size>0x10</size>
         <input_file_ref idref="fl-10"/>
      </object_component>
      <object_component id="oc-9e">
         <name>SciaRegsFile</name>
         <uninitialized>true</uninitialized>
         <run_address>0x7050</run_address>
         <size>0x10</size>
         <input_file_ref idref="fl-10"/>
      </object_component>
      <object_component id="oc-a2">
         <name>XIntruptRegsFile</name>
         <uninitialized>true</uninitialized>
         <run_address>0x7070</run_address>
         <size>0x10</size>
         <input_file_ref idref="fl-10"/>
      </object_component>
      <object_component id="oc-a4">
         <name>AdcRegsFile</name>
         <uninitialized>true</uninitialized>
         <run_address>0x7100</run_address>
         <size>0x1e</size>
         <input_file_ref idref="fl-10"/>
      </object_component>
      <object_component id="oc-9f">
         <name>ScibRegsFile</name>
         <uninitialized>true</uninitialized>
         <run_address>0x7750</run_address>
         <size>0x10</size>
         <input_file_ref idref="fl-10"/>
      </object_component>
      <object_component id="oc-a0">
         <name>ScicRegsFile</name>
         <uninitialized>true</uninitialized>
         <run_address>0x7770</run_address>
         <size>0x10</size>
         <input_file_ref idref="fl-10"/>
      </object_component>
      <object_component id="oc-b4">
         <name>I2caRegsFile</name>
         <uninitialized>true</uninitialized>
         <run_address>0x7900</run_address>
         <size>0x22</size>
         <input_file_ref idref="fl-10"/>
      </object_component>
      <object_component id="oc-99">
         <name>CsmPwlFile</name>
         <uninitialized>true</uninitialized>
         <run_address>0x33fff8</run_address>
         <size>0x8</size>
         <input_file_ref idref="fl-10"/>
      </object_component>
      <object_component id="oc-48">
         <name>.debug_info</name>
         <load_address>0x0</load_address>
         <run_address>0x0</run_address>
         <size>0x2d70</size>
         <input_file_ref idref="fl-2"/>
      </object_component>
      <object_component id="oc-50">
         <name>.debug_info</name>
         <load_address>0x2d70</load_address>
         <run_address>0x2d70</run_address>
         <size>0x2b65</size>
         <input_file_ref idref="fl-3"/>
      </object_component>
      <object_component id="oc-55">
         <name>.debug_info</name>
         <load_address>0x58d5</load_address>
         <run_address>0x58d5</run_address>
         <size>0x23e4</size>
         <input_file_ref idref="fl-4"/>
      </object_component>
      <object_component id="oc-5a">
         <name>.debug_info</name>
         <load_address>0x7cb9</load_address>
         <run_address>0x7cb9</run_address>
         <size>0x2cea</size>
         <input_file_ref idref="fl-5"/>
      </object_component>
      <object_component id="oc-5f">
         <name>.debug_info</name>
         <load_address>0xa9a3</load_address>
         <run_address>0xa9a3</run_address>
         <size>0x2fad</size>
         <input_file_ref idref="fl-6"/>
      </object_component>
      <object_component id="oc-64">
         <name>.debug_info</name>
         <load_address>0xd950</load_address>
         <run_address>0xd950</run_address>
         <size>0xc63</size>
         <input_file_ref idref="fl-7"/>
      </object_component>
      <object_component id="oc-69">
         <name>.debug_info</name>
         <load_address>0xe5b3</load_address>
         <run_address>0xe5b3</run_address>
         <size>0x1b5d</size>
         <input_file_ref idref="fl-8"/>
      </object_component>
      <object_component id="oc-6e">
         <name>.debug_info</name>
         <load_address>0x10110</load_address>
         <run_address>0x10110</run_address>
         <size>0x2c4a</size>
         <input_file_ref idref="fl-9"/>
      </object_component>
      <object_component id="oc-74">
         <name>.debug_info</name>
         <load_address>0x12d5a</load_address>
         <run_address>0x12d5a</run_address>
         <size>0x2cf3</size>
         <input_file_ref idref="fl-a"/>
      </object_component>
      <object_component id="oc-79">
         <name>.debug_info</name>
         <load_address>0x15a4d</load_address>
         <run_address>0x15a4d</run_address>
         <size>0x7c3</size>
         <input_file_ref idref="fl-b"/>
      </object_component>
      <object_component id="oc-80">
         <name>.debug_info</name>
         <load_address>0x16210</load_address>
         <run_address>0x16210</run_address>
         <size>0xf4</size>
         <input_file_ref idref="fl-c"/>
      </object_component>
      <object_component id="oc-86">
         <name>.debug_info</name>
         <load_address>0x16304</load_address>
         <run_address>0x16304</run_address>
         <size>0x133</size>
         <input_file_ref idref="fl-d"/>
      </object_component>
      <object_component id="oc-89">
         <name>.debug_info</name>
         <load_address>0x16437</load_address>
         <run_address>0x16437</run_address>
         <size>0x804</size>
         <input_file_ref idref="fl-e"/>
      </object_component>
      <object_component id="oc-8f">
         <name>.debug_info</name>
         <load_address>0x16c3b</load_address>
         <run_address>0x16c3b</run_address>
         <size>0x2533</size>
         <input_file_ref idref="fl-f"/>
      </object_component>
      <object_component id="oc-95">
         <name>.debug_info</name>
         <load_address>0x1916e</load_address>
         <run_address>0x1916e</run_address>
         <size>0x13223</size>
         <input_file_ref idref="fl-10"/>
      </object_component>
      <object_component id="oc-c8">
         <name>.debug_info</name>
         <load_address>0x2c391</load_address>
         <run_address>0x2c391</run_address>
         <size>0xb2c</size>
         <input_file_ref idref="fl-11"/>
      </object_component>
      <object_component id="oc-cd">
         <name>.debug_info</name>
         <load_address>0x2cebd</load_address>
         <run_address>0x2cebd</run_address>
         <size>0x228e</size>
         <input_file_ref idref="fl-12"/>
      </object_component>
      <object_component id="oc-d2">
         <name>.debug_info</name>
         <load_address>0x2f14b</load_address>
         <run_address>0x2f14b</run_address>
         <size>0x1f7f</size>
         <input_file_ref idref="fl-13"/>
      </object_component>
      <object_component id="oc-d7">
         <name>.debug_info</name>
         <load_address>0x310ca</load_address>
         <run_address>0x310ca</run_address>
         <size>0x20cc</size>
         <input_file_ref idref="fl-14"/>
      </object_component>
      <object_component id="oc-de">
         <name>.debug_info</name>
         <load_address>0x33196</load_address>
         <run_address>0x33196</run_address>
         <size>0xf4</size>
         <input_file_ref idref="fl-15"/>
      </object_component>
      <object_component id="oc-e3">
         <name>.debug_info</name>
         <load_address>0x3328a</load_address>
         <run_address>0x3328a</run_address>
         <size>0x173</size>
         <input_file_ref idref="fl-26"/>
      </object_component>
      <object_component id="oc-e7">
         <name>.debug_info</name>
         <load_address>0x333fd</load_address>
         <run_address>0x333fd</run_address>
         <size>0x561</size>
         <input_file_ref idref="fl-27"/>
      </object_component>
      <object_component id="oc-ec">
         <name>.debug_info</name>
         <load_address>0x3395e</load_address>
         <run_address>0x3395e</run_address>
         <size>0x43a</size>
         <input_file_ref idref="fl-28"/>
      </object_component>
      <object_component id="oc-f1">
         <name>.debug_info</name>
         <load_address>0x33d98</load_address>
         <run_address>0x33d98</run_address>
         <size>0x3ad</size>
         <input_file_ref idref="fl-29"/>
      </object_component>
      <object_component id="oc-f6">
         <name>.debug_info</name>
         <load_address>0x34145</load_address>
         <run_address>0x34145</run_address>
         <size>0x3aa</size>
         <input_file_ref idref="fl-2a"/>
      </object_component>
      <object_component id="oc-fb">
         <name>.debug_info</name>
         <load_address>0x344ef</load_address>
         <run_address>0x344ef</run_address>
         <size>0x544</size>
         <input_file_ref idref="fl-2b"/>
      </object_component>
      <object_component id="oc-102">
         <name>.debug_info</name>
         <load_address>0x34a33</load_address>
         <run_address>0x34a33</run_address>
         <size>0x4cc</size>
         <input_file_ref idref="fl-2c"/>
      </object_component>
      <object_component id="oc-107">
         <name>.debug_info</name>
         <load_address>0x34eff</load_address>
         <run_address>0x34eff</run_address>
         <size>0x467</size>
         <input_file_ref idref="fl-2d"/>
      </object_component>
      <object_component id="oc-172">
         <name>.debug_info</name>
         <load_address>0x35366</load_address>
         <run_address>0x35366</run_address>
         <size>0x9d</size>
      </object_component>
      <object_component id="oc-4c">
         <name>.debug_frame</name>
         <load_address>0x0</load_address>
         <run_address>0x0</run_address>
         <size>0xd8</size>
         <input_file_ref idref="fl-2"/>
      </object_component>
      <object_component id="oc-51">
         <name>.debug_frame</name>
         <load_address>0xd8</load_address>
         <run_address>0xd8</run_address>
         <size>0x28</size>
         <input_file_ref idref="fl-3"/>
      </object_component>
      <object_component id="oc-56">
         <name>.debug_frame</name>
         <load_address>0x100</load_address>
         <run_address>0x100</run_address>
         <size>0x28</size>
         <input_file_ref idref="fl-4"/>
      </object_component>
      <object_component id="oc-5b">
         <name>.debug_frame</name>
         <load_address>0x128</load_address>
         <run_address>0x128</run_address>
         <size>0x28</size>
         <input_file_ref idref="fl-5"/>
      </object_component>
      <object_component id="oc-60">
         <name>.debug_frame</name>
         <load_address>0x150</load_address>
         <run_address>0x150</run_address>
         <size>0x28</size>
         <input_file_ref idref="fl-6"/>
      </object_component>
      <object_component id="oc-65">
         <name>.debug_frame</name>
         <load_address>0x178</load_address>
         <run_address>0x178</run_address>
         <size>0x28</size>
         <input_file_ref idref="fl-7"/>
      </object_component>
      <object_component id="oc-6a">
         <name>.debug_frame</name>
         <load_address>0x1a0</load_address>
         <run_address>0x1a0</run_address>
         <size>0x28</size>
         <input_file_ref idref="fl-8"/>
      </object_component>
      <object_component id="oc-70">
         <name>.debug_frame</name>
         <load_address>0x1c8</load_address>
         <run_address>0x1c8</run_address>
         <size>0x218</size>
         <input_file_ref idref="fl-9"/>
      </object_component>
      <object_component id="oc-75">
         <name>.debug_frame</name>
         <load_address>0x3e0</load_address>
         <run_address>0x3e0</run_address>
         <size>0x28</size>
         <input_file_ref idref="fl-a"/>
      </object_component>
      <object_component id="oc-7a">
         <name>.debug_frame</name>
         <load_address>0x408</load_address>
         <run_address>0x408</run_address>
         <size>0x28</size>
         <input_file_ref idref="fl-b"/>
      </object_component>
      <object_component id="oc-8b">
         <name>.debug_frame</name>
         <load_address>0x430</load_address>
         <run_address>0x430</run_address>
         <size>0x28</size>
         <input_file_ref idref="fl-e"/>
      </object_component>
      <object_component id="oc-91">
         <name>.debug_frame</name>
         <load_address>0x458</load_address>
         <run_address>0x458</run_address>
         <size>0xa30</size>
         <input_file_ref idref="fl-f"/>
      </object_component>
      <object_component id="oc-c9">
         <name>.debug_frame</name>
         <load_address>0xe88</load_address>
         <run_address>0xe88</run_address>
         <size>0x58</size>
         <input_file_ref idref="fl-11"/>
      </object_component>
      <object_component id="oc-ce">
         <name>.debug_frame</name>
         <load_address>0xee0</load_address>
         <run_address>0xee0</run_address>
         <size>0x44</size>
         <input_file_ref idref="fl-12"/>
      </object_component>
      <object_component id="oc-d3">
         <name>.debug_frame</name>
         <load_address>0xf24</load_address>
         <run_address>0xf24</run_address>
         <size>0xc0</size>
         <input_file_ref idref="fl-13"/>
      </object_component>
      <object_component id="oc-d8">
         <name>.debug_frame</name>
         <load_address>0xfe4</load_address>
         <run_address>0xfe4</run_address>
         <size>0x28</size>
         <input_file_ref idref="fl-14"/>
      </object_component>
      <object_component id="oc-e8">
         <name>.debug_frame</name>
         <load_address>0x100c</load_address>
         <run_address>0x100c</run_address>
         <size>0x60</size>
         <input_file_ref idref="fl-27"/>
      </object_component>
      <object_component id="oc-ed">
         <name>.debug_frame</name>
         <load_address>0x106c</load_address>
         <run_address>0x106c</run_address>
         <size>0x40</size>
         <input_file_ref idref="fl-28"/>
      </object_component>
      <object_component id="oc-f2">
         <name>.debug_frame</name>
         <load_address>0x10ac</load_address>
         <run_address>0x10ac</run_address>
         <size>0x40</size>
         <input_file_ref idref="fl-29"/>
      </object_component>
      <object_component id="oc-f7">
         <name>.debug_frame</name>
         <load_address>0x10ec</load_address>
         <run_address>0x10ec</run_address>
         <size>0x40</size>
         <input_file_ref idref="fl-2a"/>
      </object_component>
      <object_component id="oc-fe">
         <name>.debug_frame</name>
         <load_address>0x112c</load_address>
         <run_address>0x112c</run_address>
         <size>0x60</size>
         <input_file_ref idref="fl-2b"/>
      </object_component>
      <object_component id="oc-103">
         <name>.debug_frame</name>
         <load_address>0x118c</load_address>
         <run_address>0x118c</run_address>
         <size>0x70</size>
         <input_file_ref idref="fl-2c"/>
      </object_component>
      <object_component id="oc-108">
         <name>.debug_frame</name>
         <load_address>0x11fc</load_address>
         <run_address>0x11fc</run_address>
         <size>0x40</size>
         <input_file_ref idref="fl-2d"/>
      </object_component>
      <object_component id="oc-4d">
         <name>.debug_line</name>
         <load_address>0x0</load_address>
         <run_address>0x0</run_address>
         <size>0xe3</size>
         <input_file_ref idref="fl-2"/>
      </object_component>
      <object_component id="oc-52">
         <name>.debug_line</name>
         <load_address>0xe3</load_address>
         <run_address>0xe3</run_address>
         <size>0x3a</size>
         <input_file_ref idref="fl-3"/>
      </object_component>
      <object_component id="oc-57">
         <name>.debug_line</name>
         <load_address>0x11d</load_address>
         <run_address>0x11d</run_address>
         <size>0x3b</size>
         <input_file_ref idref="fl-4"/>
      </object_component>
      <object_component id="oc-5c">
         <name>.debug_line</name>
         <load_address>0x158</load_address>
         <run_address>0x158</run_address>
         <size>0x39</size>
         <input_file_ref idref="fl-5"/>
      </object_component>
      <object_component id="oc-61">
         <name>.debug_line</name>
         <load_address>0x191</load_address>
         <run_address>0x191</run_address>
         <size>0x3b</size>
         <input_file_ref idref="fl-6"/>
      </object_component>
      <object_component id="oc-66">
         <name>.debug_line</name>
         <load_address>0x1cc</load_address>
         <run_address>0x1cc</run_address>
         <size>0x36</size>
         <input_file_ref idref="fl-7"/>
      </object_component>
      <object_component id="oc-6b">
         <name>.debug_line</name>
         <load_address>0x202</load_address>
         <run_address>0x202</run_address>
         <size>0x36</size>
         <input_file_ref idref="fl-8"/>
      </object_component>
      <object_component id="oc-71">
         <name>.debug_line</name>
         <load_address>0x238</load_address>
         <run_address>0x238</run_address>
         <size>0x358</size>
         <input_file_ref idref="fl-9"/>
      </object_component>
      <object_component id="oc-76">
         <name>.debug_line</name>
         <load_address>0x590</load_address>
         <run_address>0x590</run_address>
         <size>0x36</size>
         <input_file_ref idref="fl-a"/>
      </object_component>
      <object_component id="oc-7b">
         <name>.debug_line</name>
         <load_address>0x5c6</load_address>
         <run_address>0x5c6</run_address>
         <size>0x38</size>
         <input_file_ref idref="fl-b"/>
      </object_component>
      <object_component id="oc-7f">
         <name>.debug_line</name>
         <load_address>0x5fe</load_address>
         <run_address>0x5fe</run_address>
         <size>0x51</size>
         <input_file_ref idref="fl-c"/>
      </object_component>
      <object_component id="oc-85">
         <name>.debug_line</name>
         <load_address>0x64f</load_address>
         <run_address>0x64f</run_address>
         <size>0x69</size>
         <input_file_ref idref="fl-d"/>
      </object_component>
      <object_component id="oc-8c">
         <name>.debug_line</name>
         <load_address>0x6b8</load_address>
         <run_address>0x6b8</run_address>
         <size>0x40</size>
         <input_file_ref idref="fl-e"/>
      </object_component>
      <object_component id="oc-92">
         <name>.debug_line</name>
         <load_address>0x6f8</load_address>
         <run_address>0x6f8</run_address>
         <size>0x76a</size>
         <input_file_ref idref="fl-f"/>
      </object_component>
      <object_component id="oc-ca">
         <name>.debug_line</name>
         <load_address>0xe62</load_address>
         <run_address>0xe62</run_address>
         <size>0x8e</size>
         <input_file_ref idref="fl-11"/>
      </object_component>
      <object_component id="oc-cf">
         <name>.debug_line</name>
         <load_address>0xef0</load_address>
         <run_address>0xef0</run_address>
         <size>0x70</size>
         <input_file_ref idref="fl-12"/>
      </object_component>
      <object_component id="oc-d4">
         <name>.debug_line</name>
         <load_address>0xf60</load_address>
         <run_address>0xf60</run_address>
         <size>0x14d</size>
         <input_file_ref idref="fl-13"/>
      </object_component>
      <object_component id="oc-d9">
         <name>.debug_line</name>
         <load_address>0x10ad</load_address>
         <run_address>0x10ad</run_address>
         <size>0x3c</size>
         <input_file_ref idref="fl-14"/>
      </object_component>
      <object_component id="oc-dd">
         <name>.debug_line</name>
         <load_address>0x10e9</load_address>
         <run_address>0x10e9</run_address>
         <size>0x50</size>
         <input_file_ref idref="fl-15"/>
      </object_component>
      <object_component id="oc-e4">
         <name>.debug_line</name>
         <load_address>0x1139</load_address>
         <run_address>0x1139</run_address>
         <size>0x7e</size>
         <input_file_ref idref="fl-26"/>
      </object_component>
      <object_component id="oc-e9">
         <name>.debug_line</name>
         <load_address>0x11b7</load_address>
         <run_address>0x11b7</run_address>
         <size>0x50</size>
         <input_file_ref idref="fl-27"/>
      </object_component>
      <object_component id="oc-ee">
         <name>.debug_line</name>
         <load_address>0x1207</load_address>
         <run_address>0x1207</run_address>
         <size>0x62</size>
         <input_file_ref idref="fl-28"/>
      </object_component>
      <object_component id="oc-f3">
         <name>.debug_line</name>
         <load_address>0x1269</load_address>
         <run_address>0x1269</run_address>
         <size>0x3e</size>
         <input_file_ref idref="fl-29"/>
      </object_component>
      <object_component id="oc-f8">
         <name>.debug_line</name>
         <load_address>0x12a7</load_address>
         <run_address>0x12a7</run_address>
         <size>0x3a</size>
         <input_file_ref idref="fl-2a"/>
      </object_component>
      <object_component id="oc-ff">
         <name>.debug_line</name>
         <load_address>0x12e1</load_address>
         <run_address>0x12e1</run_address>
         <size>0x65</size>
         <input_file_ref idref="fl-2b"/>
      </object_component>
      <object_component id="oc-104">
         <name>.debug_line</name>
         <load_address>0x1346</load_address>
         <run_address>0x1346</run_address>
         <size>0x5e</size>
         <input_file_ref idref="fl-2c"/>
      </object_component>
      <object_component id="oc-109">
         <name>.debug_line</name>
         <load_address>0x13a4</load_address>
         <run_address>0x13a4</run_address>
         <size>0x4f</size>
         <input_file_ref idref="fl-2d"/>
      </object_component>
      <object_component id="oc-4e">
         <name>.debug_abbrev</name>
         <load_address>0x0</load_address>
         <run_address>0x0</run_address>
         <size>0x174</size>
         <input_file_ref idref="fl-2"/>
      </object_component>
      <object_component id="oc-53">
         <name>.debug_abbrev</name>
         <load_address>0x174</load_address>
         <run_address>0x174</run_address>
         <size>0xdc</size>
         <input_file_ref idref="fl-3"/>
      </object_component>
      <object_component id="oc-58">
         <name>.debug_abbrev</name>
         <load_address>0x250</load_address>
         <run_address>0x250</run_address>
         <size>0x113</size>
         <input_file_ref idref="fl-4"/>
      </object_component>
      <object_component id="oc-5d">
         <name>.debug_abbrev</name>
         <load_address>0x363</load_address>
         <run_address>0x363</run_address>
         <size>0x12a</size>
         <input_file_ref idref="fl-5"/>
      </object_component>
      <object_component id="oc-62">
         <name>.debug_abbrev</name>
         <load_address>0x48d</load_address>
         <run_address>0x48d</run_address>
         <size>0x111</size>
         <input_file_ref idref="fl-6"/>
      </object_component>
      <object_component id="oc-67">
         <name>.debug_abbrev</name>
         <load_address>0x59e</load_address>
         <run_address>0x59e</run_address>
         <size>0x14f</size>
         <input_file_ref idref="fl-7"/>
      </object_component>
      <object_component id="oc-6c">
         <name>.debug_abbrev</name>
         <load_address>0x6ed</load_address>
         <run_address>0x6ed</run_address>
         <size>0xdc</size>
         <input_file_ref idref="fl-8"/>
      </object_component>
      <object_component id="oc-72">
         <name>.debug_abbrev</name>
         <load_address>0x7c9</load_address>
         <run_address>0x7c9</run_address>
         <size>0x1c4</size>
         <input_file_ref idref="fl-9"/>
      </object_component>
      <object_component id="oc-77">
         <name>.debug_abbrev</name>
         <load_address>0x98d</load_address>
         <run_address>0x98d</run_address>
         <size>0x136</size>
         <input_file_ref idref="fl-a"/>
      </object_component>
      <object_component id="oc-7c">
         <name>.debug_abbrev</name>
         <load_address>0xac3</load_address>
         <run_address>0xac3</run_address>
         <size>0x104</size>
         <input_file_ref idref="fl-b"/>
      </object_component>
      <object_component id="oc-81">
         <name>.debug_abbrev</name>
         <load_address>0xbc7</load_address>
         <run_address>0xbc7</run_address>
         <size>0x2f</size>
         <input_file_ref idref="fl-c"/>
      </object_component>
      <object_component id="oc-87">
         <name>.debug_abbrev</name>
         <load_address>0xbf6</load_address>
         <run_address>0xbf6</run_address>
         <size>0x21</size>
         <input_file_ref idref="fl-d"/>
      </object_component>
      <object_component id="oc-8d">
         <name>.debug_abbrev</name>
         <load_address>0xc17</load_address>
         <run_address>0xc17</run_address>
         <size>0xfd</size>
         <input_file_ref idref="fl-e"/>
      </object_component>
      <object_component id="oc-93">
         <name>.debug_abbrev</name>
         <load_address>0xd14</load_address>
         <run_address>0xd14</run_address>
         <size>0xde</size>
         <input_file_ref idref="fl-f"/>
      </object_component>
      <object_component id="oc-c7">
         <name>.debug_abbrev</name>
         <load_address>0xdf2</load_address>
         <run_address>0xdf2</run_address>
         <size>0xb7</size>
         <input_file_ref idref="fl-10"/>
      </object_component>
      <object_component id="oc-cb">
         <name>.debug_abbrev</name>
         <load_address>0xea9</load_address>
         <run_address>0xea9</run_address>
         <size>0xc8</size>
         <input_file_ref idref="fl-11"/>
      </object_component>
      <object_component id="oc-d0">
         <name>.debug_abbrev</name>
         <load_address>0xf71</load_address>
         <run_address>0xf71</run_address>
         <size>0x116</size>
         <input_file_ref idref="fl-12"/>
      </object_component>
      <object_component id="oc-d5">
         <name>.debug_abbrev</name>
         <load_address>0x1087</load_address>
         <run_address>0x1087</run_address>
         <size>0x17b</size>
         <input_file_ref idref="fl-13"/>
      </object_component>
      <object_component id="oc-da">
         <name>.debug_abbrev</name>
         <load_address>0x1202</load_address>
         <run_address>0x1202</run_address>
         <size>0xea</size>
         <input_file_ref idref="fl-14"/>
      </object_component>
      <object_component id="oc-df">
         <name>.debug_abbrev</name>
         <load_address>0x12ec</load_address>
         <run_address>0x12ec</run_address>
         <size>0x2f</size>
         <input_file_ref idref="fl-15"/>
      </object_component>
      <object_component id="oc-e5">
         <name>.debug_abbrev</name>
         <load_address>0x131b</load_address>
         <run_address>0x131b</run_address>
         <size>0x46</size>
         <input_file_ref idref="fl-26"/>
      </object_component>
      <object_component id="oc-ea">
         <name>.debug_abbrev</name>
         <load_address>0x1361</load_address>
         <run_address>0x1361</run_address>
         <size>0xe3</size>
         <input_file_ref idref="fl-27"/>
      </object_component>
      <object_component id="oc-ef">
         <name>.debug_abbrev</name>
         <load_address>0x1444</load_address>
         <run_address>0x1444</run_address>
         <size>0xa8</size>
         <input_file_ref idref="fl-28"/>
      </object_component>
      <object_component id="oc-f4">
         <name>.debug_abbrev</name>
         <load_address>0x14ec</load_address>
         <run_address>0x14ec</run_address>
         <size>0x68</size>
         <input_file_ref idref="fl-29"/>
      </object_component>
      <object_component id="oc-f9">
         <name>.debug_abbrev</name>
         <load_address>0x1554</load_address>
         <run_address>0x1554</run_address>
         <size>0x66</size>
         <input_file_ref idref="fl-2a"/>
      </object_component>
      <object_component id="oc-100">
         <name>.debug_abbrev</name>
         <load_address>0x15ba</load_address>
         <run_address>0x15ba</run_address>
         <size>0x130</size>
         <input_file_ref idref="fl-2b"/>
      </object_component>
      <object_component id="oc-105">
         <name>.debug_abbrev</name>
         <load_address>0x16ea</load_address>
         <run_address>0x16ea</run_address>
         <size>0xb2</size>
         <input_file_ref idref="fl-2c"/>
      </object_component>
      <object_component id="oc-10a">
         <name>.debug_abbrev</name>
         <load_address>0x179c</load_address>
         <run_address>0x179c</run_address>
         <size>0xee</size>
         <input_file_ref idref="fl-2d"/>
      </object_component>
      <object_component id="oc-173">
         <name>.debug_abbrev</name>
         <load_address>0x188a</load_address>
         <run_address>0x188a</run_address>
         <size>0xf</size>
      </object_component>
      <object_component id="oc-4f">
         <name>.debug_aranges</name>
         <load_address>0x0</load_address>
         <run_address>0x0</run_address>
         <size>0x38</size>
         <input_file_ref idref="fl-2"/>
      </object_component>
      <object_component id="oc-54">
         <name>.debug_aranges</name>
         <load_address>0x38</load_address>
         <run_address>0x38</run_address>
         <size>0x18</size>
         <input_file_ref idref="fl-3"/>
      </object_component>
      <object_component id="oc-59">
         <name>.debug_aranges</name>
         <load_address>0x50</load_address>
         <run_address>0x50</run_address>
         <size>0x18</size>
         <input_file_ref idref="fl-4"/>
      </object_component>
      <object_component id="oc-5e">
         <name>.debug_aranges</name>
         <load_address>0x68</load_address>
         <run_address>0x68</run_address>
         <size>0x18</size>
         <input_file_ref idref="fl-5"/>
      </object_component>
      <object_component id="oc-63">
         <name>.debug_aranges</name>
         <load_address>0x80</load_address>
         <run_address>0x80</run_address>
         <size>0x18</size>
         <input_file_ref idref="fl-6"/>
      </object_component>
      <object_component id="oc-68">
         <name>.debug_aranges</name>
         <load_address>0x98</load_address>
         <run_address>0x98</run_address>
         <size>0x18</size>
         <input_file_ref idref="fl-7"/>
      </object_component>
      <object_component id="oc-6d">
         <name>.debug_aranges</name>
         <load_address>0xb0</load_address>
         <run_address>0xb0</run_address>
         <size>0x18</size>
         <input_file_ref idref="fl-8"/>
      </object_component>
      <object_component id="oc-73">
         <name>.debug_aranges</name>
         <load_address>0xc8</load_address>
         <run_address>0xc8</run_address>
         <size>0xb0</size>
         <input_file_ref idref="fl-9"/>
      </object_component>
      <object_component id="oc-78">
         <name>.debug_aranges</name>
         <load_address>0x178</load_address>
         <run_address>0x178</run_address>
         <size>0x18</size>
         <input_file_ref idref="fl-a"/>
      </object_component>
      <object_component id="oc-7d">
         <name>.debug_aranges</name>
         <load_address>0x190</load_address>
         <run_address>0x190</run_address>
         <size>0x18</size>
         <input_file_ref idref="fl-b"/>
      </object_component>
      <object_component id="oc-82">
         <name>.debug_aranges</name>
         <load_address>0x1a8</load_address>
         <run_address>0x1a8</run_address>
         <size>0x20</size>
         <input_file_ref idref="fl-c"/>
      </object_component>
      <object_component id="oc-88">
         <name>.debug_aranges</name>
         <load_address>0x1c8</load_address>
         <run_address>0x1c8</run_address>
         <size>0x28</size>
         <input_file_ref idref="fl-d"/>
      </object_component>
      <object_component id="oc-8e">
         <name>.debug_aranges</name>
         <load_address>0x1f0</load_address>
         <run_address>0x1f0</run_address>
         <size>0x18</size>
         <input_file_ref idref="fl-e"/>
      </object_component>
      <object_component id="oc-94">
         <name>.debug_aranges</name>
         <load_address>0x208</load_address>
         <run_address>0x208</run_address>
         <size>0x298</size>
         <input_file_ref idref="fl-f"/>
      </object_component>
      <object_component id="oc-cc">
         <name>.debug_aranges</name>
         <load_address>0x4a0</load_address>
         <run_address>0x4a0</run_address>
         <size>0x28</size>
         <input_file_ref idref="fl-11"/>
      </object_component>
      <object_component id="oc-d1">
         <name>.debug_aranges</name>
         <load_address>0x4c8</load_address>
         <run_address>0x4c8</run_address>
         <size>0x20</size>
         <input_file_ref idref="fl-12"/>
      </object_component>
      <object_component id="oc-d6">
         <name>.debug_aranges</name>
         <load_address>0x4e8</load_address>
         <run_address>0x4e8</run_address>
         <size>0x48</size>
         <input_file_ref idref="fl-13"/>
      </object_component>
      <object_component id="oc-db">
         <name>.debug_aranges</name>
         <load_address>0x530</load_address>
         <run_address>0x530</run_address>
         <size>0x18</size>
         <input_file_ref idref="fl-14"/>
      </object_component>
      <object_component id="oc-e0">
         <name>.debug_aranges</name>
         <load_address>0x548</load_address>
         <run_address>0x548</run_address>
         <size>0x20</size>
         <input_file_ref idref="fl-15"/>
      </object_component>
      <object_component id="oc-e6">
         <name>.debug_aranges</name>
         <load_address>0x568</load_address>
         <run_address>0x568</run_address>
         <size>0x20</size>
         <input_file_ref idref="fl-26"/>
      </object_component>
      <object_component id="oc-eb">
         <name>.debug_aranges</name>
         <load_address>0x588</load_address>
         <run_address>0x588</run_address>
         <size>0x20</size>
         <input_file_ref idref="fl-27"/>
      </object_component>
      <object_component id="oc-f0">
         <name>.debug_aranges</name>
         <load_address>0x5a8</load_address>
         <run_address>0x5a8</run_address>
         <size>0x20</size>
         <input_file_ref idref="fl-28"/>
      </object_component>
      <object_component id="oc-f5">
         <name>.debug_aranges</name>
         <load_address>0x5c8</load_address>
         <run_address>0x5c8</run_address>
         <size>0x20</size>
         <input_file_ref idref="fl-29"/>
      </object_component>
      <object_component id="oc-fa">
         <name>.debug_aranges</name>
         <load_address>0x5e8</load_address>
         <run_address>0x5e8</run_address>
         <size>0x20</size>
         <input_file_ref idref="fl-2a"/>
      </object_component>
      <object_component id="oc-101">
         <name>.debug_aranges</name>
         <load_address>0x608</load_address>
         <run_address>0x608</run_address>
         <size>0x28</size>
         <input_file_ref idref="fl-2b"/>
      </object_component>
      <object_component id="oc-106">
         <name>.debug_aranges</name>
         <load_address>0x630</load_address>
         <run_address>0x630</run_address>
         <size>0x30</size>
         <input_file_ref idref="fl-2c"/>
      </object_component>
      <object_component id="oc-10b">
         <name>.debug_aranges</name>
         <load_address>0x660</load_address>
         <run_address>0x660</run_address>
         <size>0x20</size>
         <input_file_ref idref="fl-2d"/>
      </object_component>
   </object_component_list>
   <logical_group_list>
      <logical_group id="lg-2" display="no" color="cyan">
         <name>codestart</name>
         <load_address>0x0</load_address>
         <run_address>0x0</run_address>
         <size>0x2</size>
         <contents>
            <object_component_ref idref="oc-84"/>
         </contents>
      </logical_group>
      <logical_group id="lg-3" display="no" color="cyan">
         <name>ramfuncs</name>
         <load_address>0x8856</load_address>
         <run_address>0x8856</run_address>
         <size>0x4</size>
         <contents>
            <object_component_ref idref="oc-dc"/>
         </contents>
      </logical_group>
      <logical_group id="lg-4" display="no" color="cyan">
         <name>.text</name>
         <load_address>0x8000</load_address>
         <run_address>0x8000</run_address>
         <size>0x828</size>
         <contents>
            <object_component_ref idref="oc-90"/>
            <object_component_ref idref="oc-119"/>
            <object_component_ref idref="oc-116"/>
            <object_component_ref idref="oc-4b"/>
            <object_component_ref idref="oc-47"/>
            <object_component_ref idref="oc-113"/>
            <object_component_ref idref="oc-110"/>
            <object_component_ref idref="oc-117"/>
            <object_component_ref idref="oc-10d"/>
            <object_component_ref idref="oc-118"/>
            <object_component_ref idref="oc-112"/>
            <object_component_ref idref="oc-10f"/>
            <object_component_ref idref="oc-11b"/>
            <object_component_ref idref="oc-83"/>
            <object_component_ref idref="oc-10c"/>
            <object_component_ref idref="oc-10e"/>
         </contents>
      </logical_group>
      <logical_group id="lg-5" display="no" color="cyan">
         <name>.cinit</name>
         <load_address>0x8828</load_address>
         <run_address>0x8828</run_address>
         <size>0x2e</size>
         <contents>
            <object_component_ref idref="oc-49"/>
            <object_component_ref idref="oc-fc"/>
            <object_component_ref idref="oc-115"/>
            <object_component_ref idref="oc-11c"/>
         </contents>
      </logical_group>
      <logical_group id="lg-6" display="no" color="cyan">
         <name>.pinit</name>
         <run_address>0x0</run_address>
         <size>0x0</size>
         <contents>
         </contents>
      </logical_group>
      <logical_group id="lg-7" display="no" color="cyan">
         <name>.switch</name>
         <run_address>0x0</run_address>
         <size>0x0</size>
         <contents>
         </contents>
      </logical_group>
      <logical_group id="lg-8" display="no" color="cyan">
         <name>.stack</name>
         <run_address>0x400</run_address>
         <size>0x300</size>
         <contents>
            <object_component_ref idref="oc-e1"/>
            <object_component_ref idref="oc-171"/>
         </contents>
      </logical_group>
      <logical_group id="lg-9" display="no" color="cyan">
         <name>.ebss</name>
         <run_address>0xc920</run_address>
         <size>0x12d</size>
         <contents>
            <object_component_ref idref="oc-4a"/>
            <object_component_ref idref="oc-111"/>
            <object_component_ref idref="oc-6f"/>
            <object_component_ref idref="oc-8a"/>
            <object_component_ref idref="oc-fd"/>
            <object_component_ref idref="oc-114"/>
            <object_component_ref idref="oc-120"/>
         </contents>
      </logical_group>
      <logical_group id="lg-a" display="no" color="cyan">
         <name>.econst</name>
         <load_address>0xc000</load_address>
         <run_address>0xc000</run_address>
         <size>0x920</size>
         <contents>
            <object_component_ref idref="oc-11f"/>
            <object_component_ref idref="oc-11e"/>
            <object_component_ref idref="oc-11d"/>
            <object_component_ref idref="oc-11a"/>
         </contents>
      </logical_group>
      <logical_group id="lg-b" display="no" color="cyan">
         <name>.esysmem</name>
         <run_address>0x0</run_address>
         <size>0x0</size>
         <contents>
         </contents>
      </logical_group>
      <logical_group id="lg-c" display="no" color="cyan">
         <name>IQmath</name>
         <run_address>0x0</run_address>
         <size>0x0</size>
         <contents>
         </contents>
      </logical_group>
      <logical_group id="lg-d" display="no" color="cyan">
         <name>IQmathTables</name>
         <run_address>0x0</run_address>
         <size>0x0</size>
         <contents>
         </contents>
      </logical_group>
      <logical_group id="lg-e" display="no" color="cyan">
         <name>IQmathTables2</name>
         <run_address>0x0</run_address>
         <size>0x0</size>
         <contents>
         </contents>
      </logical_group>
      <logical_group id="lg-f" display="no" color="cyan">
         <name>FPUmathTables</name>
         <run_address>0x0</run_address>
         <size>0x0</size>
         <contents>
         </contents>
      </logical_group>
      <logical_group id="lg-10" display="no" color="cyan">
         <name>ZONE7DATA</name>
         <run_address>0x0</run_address>
         <size>0x0</size>
         <contents>
         </contents>
      </logical_group>
      <logical_group id="lg-11" display="no" color="cyan">
         <name>.reset</name>
         <load_address>0x3fffc0</load_address>
         <run_address>0x3fffc0</run_address>
         <size>0x2</size>
         <contents>
            <object_component_ref idref="oc-e2"/>
         </contents>
      </logical_group>
      <logical_group id="lg-12" display="no" color="cyan">
         <name>csm_rsvd</name>
         <run_address>0x33ff80</run_address>
         <size>0x0</size>
         <contents>
         </contents>
      </logical_group>
      <logical_group id="lg-13" display="no" color="cyan">
         <name>csmpasswds</name>
         <run_address>0x33fff8</run_address>
         <size>0x0</size>
         <contents>
         </contents>
      </logical_group>
      <logical_group id="lg-14" display="no" color="cyan">
         <name>.adc_cal</name>
         <load_address>0x380080</load_address>
         <run_address>0x380080</run_address>
         <size>0x7</size>
         <contents>
            <object_component_ref idref="oc-7e"/>
         </contents>
      </logical_group>
      <logical_group id="lg-15" display="no" color="cyan">
         <name>PieVectTableFile</name>
         <run_address>0xd00</run_address>
         <size>0x100</size>
         <contents>
            <object_component_ref idref="oc-c6"/>
         </contents>
      </logical_group>
      <logical_group id="lg-16" display="no" color="cyan">
         <name>DevEmuRegsFile</name>
         <run_address>0x880</run_address>
         <size>0xd0</size>
         <contents>
            <object_component_ref idref="oc-c2"/>
         </contents>
      </logical_group>
      <logical_group id="lg-17" display="no" color="cyan">
         <name>FlashRegsFile</name>
         <run_address>0xa80</run_address>
         <size>0x8</size>
         <contents>
            <object_component_ref idref="oc-9a"/>
         </contents>
      </logical_group>
      <logical_group id="lg-18" display="no" color="cyan">
         <name>CsmRegsFile</name>
         <run_address>0xae0</run_address>
         <size>0x10</size>
         <contents>
            <object_component_ref idref="oc-9d"/>
         </contents>
      </logical_group>
      <logical_group id="lg-19" display="no" color="cyan">
         <name>AdcMirrorFile</name>
         <run_address>0xb00</run_address>
         <size>0x10</size>
         <contents>
            <object_component_ref idref="oc-9c"/>
         </contents>
      </logical_group>
      <logical_group id="lg-1a" display="no" color="cyan">
         <name>XintfRegsFile</name>
         <run_address>0xb20</run_address>
         <size>0x1e</size>
         <contents>
            <object_component_ref idref="oc-a5"/>
         </contents>
      </logical_group>
      <logical_group id="lg-1b" display="no" color="cyan">
         <name>CpuTimer0RegsFile</name>
         <run_address>0xc00</run_address>
         <size>0x8</size>
         <contents>
            <object_component_ref idref="oc-96"/>
         </contents>
      </logical_group>
      <logical_group id="lg-1c" display="no" color="cyan">
         <name>CpuTimer1RegsFile</name>
         <run_address>0xc08</run_address>
         <size>0x8</size>
         <contents>
            <object_component_ref idref="oc-97"/>
         </contents>
      </logical_group>
      <logical_group id="lg-1d" display="no" color="cyan">
         <name>CpuTimer2RegsFile</name>
         <run_address>0xc10</run_address>
         <size>0x8</size>
         <contents>
            <object_component_ref idref="oc-98"/>
         </contents>
      </logical_group>
      <logical_group id="lg-1e" display="no" color="cyan">
         <name>PieCtrlRegsFile</name>
         <run_address>0xce0</run_address>
         <size>0x1a</size>
         <contents>
            <object_component_ref idref="oc-a3"/>
         </contents>
      </logical_group>
      <logical_group id="lg-1f" display="no" color="cyan">
         <name>DmaRegsFile</name>
         <run_address>0x1000</run_address>
         <size>0xe0</size>
         <contents>
            <object_component_ref idref="oc-c3"/>
         </contents>
      </logical_group>
      <logical_group id="lg-20" display="no" color="cyan">
         <name>McbspaRegsFile</name>
         <run_address>0x5000</run_address>
         <size>0x25</size>
         <contents>
            <object_component_ref idref="oc-b5"/>
         </contents>
      </logical_group>
      <logical_group id="lg-21" display="no" color="cyan">
         <name>McbspbRegsFile</name>
         <run_address>0x5040</run_address>
         <size>0x25</size>
         <contents>
            <object_component_ref idref="oc-b6"/>
         </contents>
      </logical_group>
      <logical_group id="lg-22" display="no" color="cyan">
         <name>ECanaRegsFile</name>
         <run_address>0x6000</run_address>
         <size>0x34</size>
         <contents>
            <object_component_ref idref="oc-b8"/>
         </contents>
      </logical_group>
      <logical_group id="lg-23" display="no" color="cyan">
         <name>ECanaLAMRegsFile</name>
         <run_address>0x6040</run_address>
         <size>0x40</size>
         <contents>
            <object_component_ref idref="oc-ba"/>
         </contents>
      </logical_group>
      <logical_group id="lg-24" display="no" color="cyan">
         <name>ECanaMboxesFile</name>
         <run_address>0x6100</run_address>
         <size>0x100</size>
         <contents>
            <object_component_ref idref="oc-c4"/>
         </contents>
      </logical_group>
      <logical_group id="lg-25" display="no" color="cyan">
         <name>ECanaMOTSRegsFile</name>
         <run_address>0x6080</run_address>
         <size>0x40</size>
         <contents>
            <object_component_ref idref="oc-bb"/>
         </contents>
      </logical_group>
      <logical_group id="lg-26" display="no" color="cyan">
         <name>ECanaMOTORegsFile</name>
         <run_address>0x60c0</run_address>
         <size>0x40</size>
         <contents>
            <object_component_ref idref="oc-bc"/>
         </contents>
      </logical_group>
      <logical_group id="lg-27" display="no" color="cyan">
         <name>ECanbRegsFile</name>
         <run_address>0x6200</run_address>
         <size>0x34</size>
         <contents>
            <object_component_ref idref="oc-b9"/>
         </contents>
      </logical_group>
      <logical_group id="lg-28" display="no" color="cyan">
         <name>ECanbLAMRegsFile</name>
         <run_address>0x6240</run_address>
         <size>0x40</size>
         <contents>
            <object_component_ref idref="oc-bd"/>
         </contents>
      </logical_group>
      <logical_group id="lg-29" display="no" color="cyan">
         <name>ECanbMboxesFile</name>
         <run_address>0x6300</run_address>
         <size>0x100</size>
         <contents>
            <object_component_ref idref="oc-c5"/>
         </contents>
      </logical_group>
      <logical_group id="lg-2a" display="no" color="cyan">
         <name>ECanbMOTSRegsFile</name>
         <run_address>0x6280</run_address>
         <size>0x40</size>
         <contents>
            <object_component_ref idref="oc-be"/>
         </contents>
      </logical_group>
      <logical_group id="lg-2b" display="no" color="cyan">
         <name>ECanbMOTORegsFile</name>
         <run_address>0x62c0</run_address>
         <size>0x40</size>
         <contents>
            <object_component_ref idref="oc-bf"/>
         </contents>
      </logical_group>
      <logical_group id="lg-2c" display="no" color="cyan">
         <name>EPwm1RegsFile</name>
         <run_address>0x6800</run_address>
         <size>0x22</size>
         <contents>
            <object_component_ref idref="oc-ae"/>
         </contents>
      </logical_group>
      <logical_group id="lg-2d" display="no" color="cyan">
         <name>EPwm2RegsFile</name>
         <run_address>0x6840</run_address>
         <size>0x22</size>
         <contents>
            <object_component_ref idref="oc-af"/>
         </contents>
      </logical_group>
      <logical_group id="lg-2e" display="no" color="cyan">
         <name>EPwm3RegsFile</name>
         <run_address>0x6880</run_address>
         <size>0x22</size>
         <contents>
            <object_component_ref idref="oc-b0"/>
         </contents>
      </logical_group>
      <logical_group id="lg-2f" display="no" color="cyan">
         <name>EPwm4RegsFile</name>
         <run_address>0x68c0</run_address>
         <size>0x22</size>
         <contents>
            <object_component_ref idref="oc-b1"/>
         </contents>
      </logical_group>
      <logical_group id="lg-30" display="no" color="cyan">
         <name>EPwm5RegsFile</name>
         <run_address>0x6900</run_address>
         <size>0x22</size>
         <contents>
            <object_component_ref idref="oc-b2"/>
         </contents>
      </logical_group>
      <logical_group id="lg-31" display="no" color="cyan">
         <name>EPwm6RegsFile</name>
         <run_address>0x6940</run_address>
         <size>0x22</size>
         <contents>
            <object_component_ref idref="oc-b3"/>
         </contents>
      </logical_group>
      <logical_group id="lg-32" display="no" color="cyan">
         <name>ECap1RegsFile</name>
         <run_address>0x6a00</run_address>
         <size>0x20</size>
         <contents>
            <object_component_ref idref="oc-a6"/>
         </contents>
      </logical_group>
      <logical_group id="lg-33" display="no" color="cyan">
         <name>ECap2RegsFile</name>
         <run_address>0x6a20</run_address>
         <size>0x20</size>
         <contents>
            <object_component_ref idref="oc-a7"/>
         </contents>
      </logical_group>
      <logical_group id="lg-34" display="no" color="cyan">
         <name>ECap3RegsFile</name>
         <run_address>0x6a40</run_address>
         <size>0x20</size>
         <contents>
            <object_component_ref idref="oc-a8"/>
         </contents>
      </logical_group>
      <logical_group id="lg-35" display="no" color="cyan">
         <name>ECap4RegsFile</name>
         <run_address>0x6a60</run_address>
         <size>0x20</size>
         <contents>
            <object_component_ref idref="oc-a9"/>
         </contents>
      </logical_group>
      <logical_group id="lg-36" display="no" color="cyan">
         <name>ECap5RegsFile</name>
         <run_address>0x6a80</run_address>
         <size>0x20</size>
         <contents>
            <object_component_ref idref="oc-aa"/>
         </contents>
      </logical_group>
      <logical_group id="lg-37" display="no" color="cyan">
         <name>ECap6RegsFile</name>
         <run_address>0x6aa0</run_address>
         <size>0x20</size>
         <contents>
            <object_component_ref idref="oc-ab"/>
         </contents>
      </logical_group>
      <logical_group id="lg-38" display="no" color="cyan">
         <name>EQep1RegsFile</name>
         <run_address>0x6b00</run_address>
         <size>0x40</size>
         <contents>
            <object_component_ref idref="oc-c0"/>
         </contents>
      </logical_group>
      <logical_group id="lg-39" display="no" color="cyan">
         <name>EQep2RegsFile</name>
         <run_address>0x6b40</run_address>
         <size>0x40</size>
         <contents>
            <object_component_ref idref="oc-c1"/>
         </contents>
      </logical_group>
      <logical_group id="lg-3a" display="no" color="cyan">
         <name>GpioCtrlRegsFile</name>
         <run_address>0x6f80</run_address>
         <size>0x2e</size>
         <contents>
            <object_component_ref idref="oc-b7"/>
         </contents>
      </logical_group>
      <logical_group id="lg-3b" display="no" color="cyan">
         <name>GpioDataRegsFile</name>
         <run_address>0x6fc0</run_address>
         <size>0x20</size>
         <contents>
            <object_component_ref idref="oc-ac"/>
         </contents>
      </logical_group>
      <logical_group id="lg-3c" display="no" color="cyan">
         <name>GpioIntRegsFile</name>
         <run_address>0x6fe0</run_address>
         <size>0xa</size>
         <contents>
            <object_component_ref idref="oc-9b"/>
         </contents>
      </logical_group>
      <logical_group id="lg-3d" display="no" color="cyan">
         <name>SysCtrlRegsFile</name>
         <run_address>0x7010</run_address>
         <size>0x20</size>
         <contents>
            <object_component_ref idref="oc-ad"/>
         </contents>
      </logical_group>
      <logical_group id="lg-3e" display="no" color="cyan">
[...]
      <symbol id="sm-228">
         <name>_TINT0_ISR</name>
         <value>0x80f0</value>
         <object_component_ref idref="oc-90"/>
      </symbol>
      <symbol id="sm-22a">
         <name>_WAKEINT_ISR</name>
         <value>0x80fa</value>
         <object_component_ref idref="oc-90"/>
      </symbol>
      <symbol id="sm-22c">
         <name>_DINTCH4_ISR</name>
         <value>0x8226</value>
         <object_component_ref idref="oc-90"/>
      </symbol>
      <symbol id="sm-22e">
         <name>_USER10_ISR</name>
         <value>0x80a0</value>
         <object_component_ref idref="oc-90"/>
      </symbol>
      <symbol id="sm-230">
         <name>_USER7_ISR</name>
         <value>0x8082</value>
         <object_component_ref idref="oc-90"/>
      </symbol>
      <symbol id="sm-232">
         <name>_XINT1_ISR</name>
         <value>0x80d2</value>
         <object_component_ref idref="oc-90"/>
      </symbol>
      <symbol id="sm-234">
         <name>_ECAP6_INT_ISR</name>
         <value>0x81ae</value>
         <object_component_ref idref="oc-90"/>
      </symbol>
      <symbol id="sm-236">
         <name>_INT14_ISR</name>
         <value>0x800a</value>
         <object_component_ref idref="oc-90"/>
      </symbol>
      <symbol id="sm-238">
         <name>_MXINTB_ISR</name>
         <value>0x81ea</value>
         <object_component_ref idref="oc-90"/>
      </symbol>
      <symbol id="sm-23a">
         <name>_DINTCH5_ISR</name>
         <value>0x8230</value>
         <object_component_ref idref="oc-90"/>
      </symbol>
      <symbol id="sm-23c">
         <name>_USER6_ISR</name>
         <value>0x8078</value>
         <object_component_ref idref="oc-90"/>
      </symbol>
      <symbol id="sm-23e">
         <name>_ECAP4_INT_ISR</name>
         <value>0x819a</value>
         <object_component_ref idref="oc-90"/>
      </symbol>
      <symbol id="sm-240">
         <name>_MRINTA_ISR</name>
         <value>0x81f4</value>
         <object_component_ref idref="oc-90"/>
      </symbol>
      <symbol id="sm-242">
         <name>_DINTCH6_ISR</name>
         <value>0x823a</value>
         <object_component_ref idref="oc-90"/>
      </symbol>
      <symbol id="sm-244">
         <name>_USER12_ISR</name>
         <value>0x80b4</value>
         <object_component_ref idref="oc-90"/>
      </symbol>
      <symbol id="sm-246">
         <name>_ADCINT_ISR</name>
         <value>0x80e6</value>
         <object_component_ref idref="oc-90"/>
      </symbol>
      <symbol id="sm-248">
         <name>_USER1_ISR</name>
         <value>0x8046</value>
         <object_component_ref idref="oc-90"/>
      </symbol>
      <symbol id="sm-24a">
         <name>_XINT3_ISR</name>
         <value>0x82bc</value>
         <object_component_ref idref="oc-90"/>
      </symbol>
      <symbol id="sm-24c">
         <name>_EPWM5_INT_ISR</name>
         <value>0x8168</value>
         <object_component_ref idref="oc-90"/>
      </symbol>
      <symbol id="sm-24e">
         <name>_NMI_ISR</name>
         <value>0x8032</value>
         <object_component_ref idref="oc-90"/>
      </symbol>
      <symbol id="sm-250">
         <name>_SCITXINTB_ISR</name>
         <value>0x828a</value>
         <object_component_ref idref="oc-90"/>
      </symbol>
      <symbol id="sm-252">
         <name>_SCIRXINTB_ISR</name>
         <value>0x8280</value>
         <object_component_ref idref="oc-90"/>
      </symbol>
      <symbol id="sm-254">
         <name>_ECAN1INTA_ISR</name>
         <value>0x829e</value>
         <object_component_ref idref="oc-90"/>
      </symbol>
      <symbol id="sm-256">
         <name>_ECAP2_INT_ISR</name>
         <value>0x8186</value>
         <object_component_ref idref="oc-90"/>
      </symbol>
      <symbol id="sm-258">
         <name>_PIE_RESERVED</name>
         <value>0x830f</value>
         <object_component_ref idref="oc-90"/>
      </symbol>
      <symbol id="sm-25a">
         <name>_I2CINT1A_ISR</name>
         <value>0x8244</value>
         <object_component_ref idref="oc-90"/>
      </symbol>
      <symbol id="sm-25c">
         <name>_XINT2_ISR</name>
         <value>0x80dc</value>
         <object_component_ref idref="oc-90"/>
      </symbol>
      <symbol id="sm-25e">
         <name>_I2CINT2A_ISR</name>
         <value>0x824e</value>
         <object_component_ref idref="oc-90"/>
      </symbol>
      <symbol id="sm-260">
         <name>_SCITXINTC_ISR</name>
         <value>0x8262</value>
         <object_component_ref idref="oc-90"/>
      </symbol>
      <symbol id="sm-262">
         <name>_SCIRXINTC_ISR</name>
         <value>0x8258</value>
         <object_component_ref idref="oc-90"/>
      </symbol>
      <symbol id="sm-264">
         <name>_RTOSINT_ISR</name>
         <value>0x801e</value>
         <object_component_ref idref="oc-90"/>
      </symbol>
      <symbol id="sm-266">
         <name>_EPWM3_INT_ISR</name>
         <value>0x8154</value>
         <object_component_ref idref="oc-90"/>
      </symbol>
      <symbol id="sm-268">
         <name>_ECAN1INTB_ISR</name>
         <value>0x82b2</value>
         <object_component_ref idref="oc-90"/>
      </symbol>
      <symbol id="sm-26a">
         <name>_USER9_ISR</name>
         <value>0x8096</value>
         <object_component_ref idref="oc-90"/>
      </symbol>
      <symbol id="sm-26c">
         <name>_USER3_ISR</name>
         <value>0x805a</value>
         <object_component_ref idref="oc-90"/>
      </symbol>
      <symbol id="sm-26e">
         <name>_EQEP1_INT_ISR</name>
         <value>0x81b8</value>
         <object_component_ref idref="oc-90"/>
      </symbol>
      <symbol id="sm-270">
         <name>_MRINTB_ISR</name>
         <value>0x81e0</value>
         <object_component_ref idref="oc-90"/>
      </symbol>
      <symbol id="sm-272">
         <name>_DINTCH1_ISR</name>
         <value>0x8208</value>
         <object_component_ref idref="oc-90"/>
      </symbol>
      <symbol id="sm-274">
         <name>_USER8_ISR</name>
         <value>0x808c</value>
         <object_component_ref idref="oc-90"/>
      </symbol>
      <symbol id="sm-276">
         <name>_EPWM1_INT_ISR</name>
         <value>0x8140</value>
         <object_component_ref idref="oc-90"/>
      </symbol>
      <symbol id="sm-278">
         <name>_SEQ2INT_ISR</name>
         <value>0x80c8</value>
         <object_component_ref idref="oc-90"/>
      </symbol>
      <symbol id="sm-27a">
         <name>_USER2_ISR</name>
         <value>0x8050</value>
         <object_component_ref idref="oc-90"/>
      </symbol>
      <symbol id="sm-27c">
         <name>_LUF_ISR</name>
         <value>0x82f8</value>
         <object_component_ref idref="oc-90"/>
      </symbol>
      <symbol id="sm-27e">
         <name>_LVF_ISR</name>
         <value>0x82ee</value>
         <object_component_ref idref="oc-90"/>
      </symbol>
      <symbol id="sm-280">
         <name>_SCITXINTA_ISR</name>
         <value>0x8276</value>
         <object_component_ref idref="oc-90"/>
      </symbol>
      <symbol id="sm-282">
         <name>_SCIRXINTA_ISR</name>
         <value>0x826c</value>
         <object_component_ref idref="oc-90"/>
      </symbol>
      <symbol id="sm-284">
         <name>_rsvd_ISR</name>
         <value>0x8319</value>
         <object_component_ref idref="oc-90"/>
      </symbol>
      <symbol id="sm-286">
         <name>_ECAP5_INT_ISR</name>
         <value>0x81a4</value>
         <object_component_ref idref="oc-90"/>
      </symbol>
      <symbol id="sm-288">
         <name>_DINTCH2_ISR</name>
         <value>0x8212</value>
         <object_component_ref idref="oc-90"/>
      </symbol>
      <symbol id="sm-28a">
         <name>_XINT5_ISR</name>
         <value>0x82d0</value>
         <object_component_ref idref="oc-90"/>
      </symbol>
      <symbol id="sm-2f3">
         <name>_GpioCtrlRegs</name>
         <value>0x6f80</value>
         <object_component_ref idref="oc-b7"/>
      </symbol>
      <symbol id="sm-2f4">
         <name>_PieVectTable</name>
         <value>0xd00</value>
         <object_component_ref idref="oc-c6"/>
      </symbol>
      <symbol id="sm-2f5">
         <name>_ECap4Regs</name>
         <value>0x6a60</value>
         <object_component_ref idref="oc-a9"/>
      </symbol>
      <symbol id="sm-2f6">
         <name>_CsmRegs</name>
         <value>0xae0</value>
         <object_component_ref idref="oc-9d"/>
      </symbol>
      <symbol id="sm-2f7">
         <name>_ECanaLAMRegs</name>
         <value>0x6040</value>
         <object_component_ref idref="oc-ba"/>
      </symbol>
      <symbol id="sm-2f8">
         <name>_ECanbMOTORegs</name>
         <value>0x62c0</value>
         <object_component_ref idref="oc-bf"/>
      </symbol>
      <symbol id="sm-2f9">
         <name>_EPwm4Regs</name>
         <value>0x68c0</value>
         <object_component_ref idref="oc-b1"/>
      </symbol>
      <symbol id="sm-2fa">
         <name>_ECap5Regs</name>
         <value>0x6a80</value>
         <object_component_ref idref="oc-aa"/>
      </symbol>
      <symbol id="sm-2fb">
         <name>_CpuTimer1Regs</name>
         <value>0xc08</value>
         <object_component_ref idref="oc-97"/>
      </symbol>
      <symbol id="sm-2fc">
         <name>_SysCtrlRegs</name>
         <value>0x7010</value>
         <object_component_ref idref="oc-ad"/>
      </symbol>
      <symbol id="sm-2fd">
         <name>_EPwm5Regs</name>
         <value>0x6900</value>
         <object_component_ref idref="oc-b2"/>
      </symbol>
      <symbol id="sm-2fe">
         <name>_SpiaRegs</name>
         <value>0x7040</value>
         <object_component_ref idref="oc-a1"/>
      </symbol>
      <symbol id="sm-2ff">
         <name>_ECanaMOTSRegs</name>
         <value>0x6080</value>
         <object_component_ref idref="oc-bb"/>
      </symbol>
      <symbol id="sm-300">
         <name>_ECap6Regs</name>
         <value>0x6aa0</value>
         <object_component_ref idref="oc-ab"/>
      </symbol>
      <symbol id="sm-301">
         <name>_DmaRegs</name>
         <value>0x1000</value>
         <object_component_ref idref="oc-c3"/>
      </symbol>
      <symbol id="sm-302">
         <name>_FlashRegs</name>
         <value>0xa80</value>
         <object_component_ref idref="oc-9a"/>
      </symbol>
      <symbol id="sm-303">
         <name>_CpuTimer0Regs</name>
         <value>0xc00</value>
         <object_component_ref idref="oc-96"/>
      </symbol>
      <symbol id="sm-304">
         <name>_DevEmuRegs</name>
         <value>0x880</value>
         <object_component_ref idref="oc-c2"/>
      </symbol>
      <symbol id="sm-305">
         <name>_McbspbRegs</name>
         <value>0x5040</value>
         <object_component_ref idref="oc-b6"/>
      </symbol>
      <symbol id="sm-306">
         <name>_EPwm6Regs</name>
         <value>0x6940</value>
         <object_component_ref idref="oc-b3"/>
      </symbol>
      <symbol id="sm-307">
         <name>_SciaRegs</name>
         <value>0x7050</value>
         <object_component_ref idref="oc-9e"/>
      </symbol>
      <symbol id="sm-308">
         <name>_GpioDataRegs</name>
         <value>0x6fc0</value>
         <object_component_ref idref="oc-ac"/>
      </symbol>
      <symbol id="sm-309">
         <name>_CsmPwl</name>
         <value>0x33fff8</value>
         <object_component_ref idref="oc-99"/>
      </symbol>
      <symbol id="sm-30a">
         <name>_AdcRegs</name>
         <value>0x7100</value>
         <object_component_ref idref="oc-a4"/>
      </symbol>
      <symbol id="sm-30b">
         <name>_XIntruptRegs</name>
         <value>0x7070</value>
         <object_component_ref idref="oc-a2"/>
      </symbol>
      <symbol id="sm-30c">
         <name>_CpuTimer2Regs</name>
         <value>0xc10</value>
         <object_component_ref idref="oc-98"/>
      </symbol>
      <symbol id="sm-30d">
         <name>_PieCtrlRegs</name>
         <value>0xce0</value>
         <object_component_ref idref="oc-a3"/>
      </symbol>
      <symbol id="sm-30e">
         <name>_ECanbMOTSRegs</name>
         <value>0x6280</value>
         <object_component_ref idref="oc-be"/>
      </symbol>
      <symbol id="sm-30f">
         <name>_ECanaRegs</name>
         <value>0x6000</value>
         <object_component_ref idref="oc-b8"/>
      </symbol>
      <symbol id="sm-310">
         <name>_AdcMirror</name>
         <value>0xb00</value>
         <object_component_ref idref="oc-9c"/>
      </symbol>
      <symbol id="sm-311">
         <name>_ECanbMboxes</name>
         <value>0x6300</value>
         <object_component_ref idref="oc-c5"/>
      </symbol>
      <symbol id="sm-312">
         <name>_XintfRegs</name>
         <value>0xb20</value>
         <object_component_ref idref="oc-a5"/>
      </symbol>
      <symbol id="sm-313">
         <name>_ScicRegs</name>
         <value>0x7770</value>
         <object_component_ref idref="oc-a0"/>
      </symbol>
      <symbol id="sm-314">
         <name>_ECap1Regs</name>
         <value>0x6a00</value>
         <object_component_ref idref="oc-a6"/>
      </symbol>
      <symbol id="sm-315">
         <name>_EQep1Regs</name>
         <value>0x6b00</value>
         <object_component_ref idref="oc-c0"/>
      </symbol>
      <symbol id="sm-316">
         <name>_McbspaRegs</name>
         <value>0x5000</value>
         <object_component_ref idref="oc-b5"/>
      </symbol>
      <symbol id="sm-317">
         <name>_EPwm1Regs</name>
         <value>0x6800</value>
         <object_component_ref idref="oc-ae"/>
      </symbol>
      <symbol id="sm-318">
         <name>_ECanbRegs</name>
         <value>0x6200</value>
         <object_component_ref idref="oc-b9"/>
      </symbol>
      <symbol id="sm-319">
         <name>_ScibRegs</name>
         <value>0x7750</value>
         <object_component_ref idref="oc-9f"/>
      </symbol>
      <symbol id="sm-31a">
         <name>_ECap2Regs</name>
         <value>0x6a20</value>
         <object_component_ref idref="oc-a7"/>
      </symbol>
      <symbol id="sm-31b">
         <name>_GpioIntRegs</name>
         <value>0x6fe0</value>
         <object_component_ref idref="oc-9b"/>
      </symbol>
      <symbol id="sm-31c">
         <name>_EQep2Regs</name>
         <value>0x6b40</value>
         <object_component_ref idref="oc-c1"/>
      </symbol>
      <symbol id="sm-31d">
         <name>_EPwm2Regs</name>
         <value>0x6840</value>
         <object_component_ref idref="oc-af"/>
      </symbol>
      <symbol id="sm-31e">
         <name>_ECanaMboxes</name>
         <value>0x6100</value>
         <object_component_ref idref="oc-c4"/>
      </symbol>
      <symbol id="sm-31f">
         <name>_ECap3Regs</name>
         <value>0x6a40</value>
         <object_component_ref idref="oc-a8"/>
      </symbol>
      <symbol id="sm-320">
         <name>_ECanaMOTORegs</name>
         <value>0x60c0</value>
         <object_component_ref idref="oc-bc"/>
      </symbol>
      <symbol id="sm-321">
         <name>_EPwm3Regs</name>
         <value>0x6880</value>
         <object_component_ref idref="oc-b0"/>
      </symbol>
      <symbol id="sm-322">
         <name>_ECanbLAMRegs</name>
         <value>0x6240</value>
         <object_component_ref idref="oc-bd"/>
      </symbol>
      <symbol id="sm-323">
         <name>_I2caRegs</name>
         <value>0x7900</value>
         <object_component_ref idref="oc-b4"/>
      </symbol>
      <symbol id="sm-32f">
         <name>_InitPieCtrl</name>
         <value>0x8779</value>
         <object_component_ref idref="oc-117"/>
      </symbol>
      <symbol id="sm-331">
         <name>_EnableInterrupts</name>
         <value>0x8798</value>
         <object_component_ref idref="oc-117"/>
      </symbol>
      <symbol id="sm-342">
         <name>_PieVectTableInit</name>
         <value>0xc818</value>
         <object_component_ref idref="oc-11d"/>
      </symbol>
      <symbol id="sm-343">
         <name>_InitPieVectTable</name>
         <value>0x87c5</value>
         <object_component_ref idref="oc-118"/>
      </symbol>
      <symbol id="sm-359">
         <name>_InitPll</name>
         <value>0x8578</value>
         <object_component_ref idref="oc-116"/>
      </symbol>
      <symbol id="sm-35b">
         <name>_DisableDog</name>
         <value>0x8570</value>
         <object_component_ref idref="oc-116"/>
      </symbol>
      <symbol id="sm-35d">
         <name>_InitPeripheralClocks</name>
         <value>0x85c9</value>
         <object_component_ref idref="oc-116"/>
      </symbol>
      <symbol id="sm-35f">
         <name>_CsmUnlock</name>
         <value>0x8624</value>
         <object_component_ref idref="oc-116"/>
      </symbol>
      <symbol id="sm-361">
         <name>_ServiceDog</name>
         <value>0x8566</value>
         <object_component_ref idref="oc-116"/>
      </symbol>
      <symbol id="sm-363">
         <name>_InitSysCtrl</name>
         <value>0x855d</value>
         <object_component_ref idref="oc-116"/>
      </symbol>
      <symbol id="sm-379">
         <name>_DSP28x_usDelay</name>
         <value>0x8856</value>
         <object_component_ref idref="oc-dc"/>
      </symbol>
      <symbol id="sm-394">
         <name>_c_int00</name>
         <value>0x86c8</value>
         <object_component_ref idref="oc-47"/>
      </symbol>
      <symbol id="sm-395">
         <name>__stack</name>
         <value>0x400</value>
         <object_component_ref idref="oc-e1"/>
      </symbol>
      <symbol id="sm-3a4">
         <name>_copy_in</name>
         <value>0x87a1</value>
         <object_component_ref idref="oc-10d"/>
      </symbol>
      <symbol id="sm-3b6">
         <name>_memcpy</name>
         <value>0x87e5</value>
         <object_component_ref idref="oc-112"/>
      </symbol>
      <symbol id="sm-3c3">
         <name>__system_pre_init</name>
         <value>0x8825</value>
         <object_component_ref idref="oc-10c"/>
      </symbol>
      <symbol id="sm-3d1">
         <name>__system_post_cinit</name>
         <value>0x8827</value>
         <object_component_ref idref="oc-10e"/>
      </symbol>
      <symbol id="sm-3e6">
         <name>C$$EXIT</name>
         <value>0x8750</value>
         <object_component_ref idref="oc-110"/>
      </symbol>
      <symbol id="sm-3e7">
         <name>_exit</name>
         <value>0x8752</value>
         <object_component_ref idref="oc-110"/>
      </symbol>
      <symbol id="sm-3e9">
         <name>___TI_cleanup_ptr</name>
         <value>0xc93a</value>
         <object_component_ref idref="oc-fd"/>
      </symbol>
      <symbol id="sm-3ea">
         <name>___TI_enable_exit_profile_output</name>
         <value>0xc938</value>
         <object_component_ref idref="oc-fd"/>
      </symbol>
      <symbol id="sm-3eb">
         <name>_abort</name>
         <value>0x8750</value>
         <object_component_ref idref="oc-110"/>
      </symbol>
      <symbol id="sm-3ed">
         <name>___TI_dtors_ptr</name>
         <value>0xc93c</value>
         <object_component_ref idref="oc-fd"/>
      </symbol>
      <symbol id="sm-401">
         <name>__unlock</name>
         <value>0xca4a</value>
         <object_component_ref idref="oc-120"/>
      </symbol>
      <symbol id="sm-402">
         <name>__lock</name>
         <value>0xc93e</value>
         <object_component_ref idref="oc-114"/>
      </symbol>
      <symbol id="sm-403">
         <name>__register_lock</name>
         <value>0x8818</value>
         <object_component_ref idref="oc-11b"/>
      </symbol>
      <symbol id="sm-405">
         <name>__nop</name>
         <value>0x881c</value>
         <object_component_ref idref="oc-11b"/>
      </symbol>
      <symbol id="sm-407">
         <name>__register_unlock</name>
         <value>0x8814</value>
         <object_component_ref idref="oc-11b"/>
      </symbol>
      <symbol id="sm-417">
         <name>__args_main</name>
         <value>0x8802</value>
         <object_component_ref idref="oc-10f"/>
      </symbol>
   </symbol_table>
   <title>Link successful</title>
</link_info>
